// Jest Snapshot v1, https://goo.gl/fbAQLP

exports[`>>>App.js +App renderiza normalmente. 1`] = `
<div>
  <div
    className="particles"
  >
    <canvas
      style={
        Object {
          "height": "100%",
          "width": "100%",
        }
      }
    />
  </div>
  <div
    className="App"
  >
    <header>
      <h1
        className="ink mt4 mb0 i fw1"
      >
        VUTTR
      </h1>
      <h2
        className="ink mt2 mb4 ttu tracked"
      >
        Very Useful Tools to Remember
      </h2>
    </header>
    <section>
      <form>
        <input
          aria-label="Pesquisa"
          className="mb2 pesquisaInput br1"
          onChange={[Function]}
          placeholder="Pesquise aqui…"
          type="search"
        />
         
        <label
          className="lh-copy container ml3"
        >
          Procurar com #tags?
          <input
            onChange={[Function]}
            type="checkbox"
          />
          <span
            className="checkmark br1"
          />
        </label>
      </form>
      <br />
      <button
        className="grow br2 ph3 pv2 mb2 dib bg-add azul"
        onClick={[Function]}
        type="button"
      >
        <span
          aria-label="plus"
          role="img"
        >
          ➕
        </span>
         Adicionar Tool
      </button>
      <br />
      <article
        className="bg-branco-escuro w-50 center mb4 o-90 ba b--black-20 br2 pr4 shadowBox"
      >
        <div
          className="pa2"
        >
          <span>
            Lista vazia.
          </span>
        </div>
      </article>
    </section>
  </div>
  <footer
    className="pb4 ph3 ph5-ns tc"
  >
    <a
      className="link near-black hover-silver dib h2 w2 mr3"
      href="https://github.com/yojimat"
      target="blank"
      title="GitHub"
    >
      <svg
        clipRule="evenodd"
        fill="currentColor"
        fillRule="evenodd"
        strokeLinejoin="round"
        strokeMiterlimit="1.414"
        viewBox="0 0 16 16"
        xmlns="http://www.w3.org/2000/svg"
      >
        <path
          d="M8 0C3.58 0 0 3.582 0 8c0 3.535 2.292 6.533 5.47 7.59.4.075.547-.172.547-.385 0-.19-.007-.693-.01-1.36-2.226.483-2.695-1.073-2.695-1.073-.364-.924-.89-1.17-.89-1.17-.725-.496.056-.486.056-.486.803.056 1.225.824 1.225.824.714 1.223 1.873.87 2.33.665.072-.517.278-.87.507-1.07-1.777-.2-3.644-.888-3.644-3.953 0-.873.31-1.587.823-2.147-.083-.202-.358-1.015.077-2.117 0 0 .672-.215 2.2.82.638-.178 1.323-.266 2.003-.27.68.004 1.364.092 2.003.27 1.527-1.035 2.198-.82 2.198-.82.437 1.102.163 1.915.08 2.117.513.56.823 1.274.823 2.147 0 3.073-1.87 3.75-3.653 3.947.287.246.543.735.543 1.48 0 1.07-.01 1.933-.01 2.195 0 .215.144.463.55.385C13.71 14.53 16 11.534 16 8c0-4.418-3.582-8-8-8"
        />
      </svg>
    </a>
    <a
      className="link hover-silver near-black dib h2 w2 mr3"
      href="https://www.linkedin.com/in/vntc-fullstack/"
      target="blank"
      title="Linkedin"
    >
      <svg
        clipRule="evenodd"
        fill="currentColor"
        fillRule="evenodd"
        strokeLinejoin="round"
        strokeMiterlimit="1.414"
        viewBox="0 0 16 16"
        xmlns="http://www.w3.org/2000/svg"
      >
        <path
          d="M13.632 13.635h-2.37V9.922c0-.886-.018-2.025-1.234-2.025-1.235 0-1.424.964-1.424 1.96v3.778h-2.37V6H8.51V7.04h.03c.318-.6 1.092-1.233 2.247-1.233 2.4 0 2.845 1.58 2.845 3.637v4.188zM3.558 4.955c-.762 0-1.376-.617-1.376-1.377 0-.758.614-1.375 1.376-1.375.76 0 1.376.617 1.376 1.375 0 .76-.617 1.377-1.376 1.377zm1.188 8.68H2.37V6h2.376v7.635zM14.816 0H1.18C.528 0 0 .516 0 1.153v13.694C0 15.484.528 16 1.18 16h13.635c.652 0 1.185-.516 1.185-1.153V1.153C16 .516 15.467 0 14.815 0z"
          fillRule="nonzero"
        />
      </svg>
    </a>
    <br />
    <small>
      Projeto realizado para desafio do Bossabox.
    </small>
    <img
      alt="check"
      height="46"
      src="LogoBossabox.svg"
      width="36"
    />
  </footer>
</div>
`;
