// Jest Snapshot v1, https://goo.gl/fbAQLP

exports[`>>>RemoveTool.js +RemoveTool renderiza normalmente. 1`] = `
<section
  className="removeTool"
>
  <p>
    VocÃª tem certeza que quer remover 
    <strong
      className="azul"
    />
     da lista?
  </p>
  <button
    className="br2 ph3 pv2 mb2 dib white mr4 bg-amarelo"
    type="button"
  >
    <span>
      <img
        alt="check"
        height="20"
        src="Close.svg"
        width="20"
      />
      Cancelar
    </span>
  </button>
  <button
    className="br2 ph3 pv2 mb2 dib white bg-vermelho"
    type="submit"
  >
    <span>
      <img
        alt="check"
        height="20"
        src="Check.svg"
        width="20"
      />
      Sim, deletar.
    </span>
  </button>
</section>
`;

exports[`>>>RemoveTool.js +Verificando evento isLoading 1`] = `
initialize {
  "0": Object {
    "attribs": Object {
      "class": "loader",
    },
    "children": Array [],
    "name": "div",
    "namespace": "http://www.w3.org/1999/xhtml",
    "next": null,
    "parent": null,
    "prev": null,
    "root": Object {
      "attribs": Object {},
      "children": Array [
        [Circular],
      ],
      "name": "root",
      "namespace": "http://www.w3.org/1999/xhtml",
      "next": null,
      "parent": null,
      "prev": null,
      "type": "root",
      "x-attribsNamespace": Object {},
      "x-attribsPrefix": Object {},
    },
    "type": "tag",
    "x-attribsNamespace": Object {
      "class": undefined,
    },
    "x-attribsPrefix": Object {
      "class": undefined,
    },
  },
  "_root": [Circular],
  "length": 1,
  "options": Object {
    "decodeEntities": true,
    "normalizeWhitespace": false,
    "withDomLvl1": true,
    "xml": false,
  },
}
`;
